<html>
<body>
<pre>
<h1>µVision Build Log</h1>
<h2>Tool Versions:</h2>
IDE-Version: µVision V5.24.2.0
Copyright (C) 2017 ARM Ltd and ARM Germany GmbH. All rights reserved.
License Information: Eric Praetzel, ECE Dept, LIC=----
 
Tool Versions:
Toolchain:       MDK-Lite  Version: 5.24.1
Toolchain Path:  C:\Software\Keil_v5\ARM\ARMCC\Bin
C Compiler:      Armcc.exe V5.06 update 5 (build 528)
Assembler:       Armasm.exe V5.06 update 5 (build 528)
Linker/Locator:  ArmLink.exe V5.06 update 5 (build 528)
Library Manager: ArmAr.exe V5.06 update 5 (build 528)
Hex Converter:   FromElf.exe V5.06 update 5 (build 528)
CPU DLL:         SARMCM3.DLL V5.24.1
Dialog DLL:      DCM.DLL V1.16.0.0
Target DLL:      UL2CM3.DLL V1.160.3.0
Dialog DLL:      TCM.DLL V1.32.0.0
 
<h2>Project:</h2>
N:\MTE241\DuckDuckGone\DuckDuckGone.uvprojx
Project File Date:  11/16/2018

<h2>Output:</h2>
*** Using Compiler 'V5.06 update 5 (build 528)', folder: 'C:\Software\Keil_v5\ARM\ARMCC\Bin'
Build target 'Target 1'
compiling main.c...
main.c(83): warning:  #167-D: argument of type "unsigned char *" is incompatible with parameter of type "char *restrict"
  	sprintf(scoreDisp, "%d", score);
main.c(142): warning:  #167-D: argument of type "unsigned char *" is incompatible with parameter of type "char *restrict"
  		sprintf(scoreDisp, "%d", score);
main.c(152): warning:  #167-D: argument of type "char *" is incompatible with parameter of type "unsigned char *"
  		GLCD_DisplayStringPrecise(timeX, timeNumY, 1, timeDisp);	
main.c(124): warning:  #177-D: variable "scoreNumY"  was declared but never referenced
  	const int scoreX = 255, scoreY = 15, scoreNumY = scoreY+95;
main.c(134): warning:  #177-D: variable "x1"  was declared but never referenced
  	unsigned int x1=60;
main.c(135): warning:  #177-D: variable "y1"  was declared but never referenced
  	unsigned int y1=60;
main.c(237): warning:  #61-D: integer operation result is out of range
  	
PC_GPIO1->FIODIR |= ((1 << 28) | (1 << 29) | (1 << 31)); // bits 28, 29, 31 set as outputs
main.c(247): warning:  #61-D: integer operation result is out of range
  	
PC_GPIO1->FIOSET |= (1 << 31);
main.c(247): warning:  #68-D: integer conversion resulted in a change of sign
  	
PC_GPIO1->FIOSET |= (1 << 31);
main.c(277): warning:  #61-D: integer operation result is out of range
  				
PC_GPIO1->FIOCLR |= (1 << 31);
main.c(277): warning:  #68-D: integer conversion resulted in a change of sign
  				
PC_GPIO1->FIOCLR |= (1 << 31);
main.c(288): warning:  #61-D: integer operation result is out of range
  				
PC_GPIO1->FIOCLR |= (1 << 31);
main.c(288): warning:  #68-D: integer conversion resulted in a change of sign
  				
PC_GPIO1->FIOCLR |= (1 << 31);
main.c(302): warning:  #61-D: integer operation result is out of range
  				
PC_GPIO1->FIOSET |= (1 << 31);
main.c(302): warning:  #68-D: integer conversion resulted in a change of sign
  				
PC_GPIO1->FIOSET |= (1 << 31);
main.c: 15 warnings, 0 errors
linking...
Program Size: Code=13228 RO-data=6712 RW-data=9384 ZI-data=12904  
".\Objects\DuckDuckGone.axf" - 0 Error(s), 15 Warning(s).

<h2>Software Packages used:</h2>

Package Vendor: ARM
                http://www.keil.com/pack/ARM.CMSIS.5.3.0.pack
                ARM.CMSIS.5.3.0
                CMSIS (Cortex Microcontroller Software Interface Standard)
   * Component: Keil RTX Version: 4.81.1
   * Component: CORE Version: 5.1.1
   * Component: RTOS Version: 1.0.0

Package Vendor: Keil
                http://www.keil.com/pack/Keil.LPC1700_DFP.2.4.0.pack
                Keil.LPC1700_DFP.2.4.0
                NXP LPC1700 Series Device Support, Drivers and Examples for MCB1700 and LPC1788-32
   * Component: Startup Version: 1.0.0

<h2>Collection of Component include folders:</h2>
  .\RTE\Device\LPC1768
  .\RTE\_Target_1
  C:\Software\Keil_v5\ARM\PACK\ARM\CMSIS\5.3.0\CMSIS\Include
  C:\Software\Keil_v5\ARM\PACK\ARM\CMSIS\5.3.0\CMSIS\RTOS\RTX\INC
  C:\Software\Keil_v5\ARM\PACK\Keil\LPC1700_DFP\2.4.0\Device\Include

<h2>Collection of Component Files used:</h2>

   * Component: Keil::Device:Startup:1.0.0
      Include file:  Device\Include\LPC17xx.h
      Source file:   Device\Source\system_LPC17xx.c
      Include file:  RTE_Driver\Config\RTE_Device.h
      Source file:   Device\Source\ARM\startup_LPC17xx.s

   * Component: ARM::CMSIS:RTOS:Keil RTX:4.81.1
      Source file:   CMSIS\RTOS\RTX\Templates\RTX_Conf_CM.c
      Include file:  CMSIS\RTOS\RTX\UserCodeTemplates\osObjects.h
      Source file:   CMSIS\RTOS\RTX\UserCodeTemplates\MailQueue.c
      Source file:   CMSIS\RTOS\RTX\UserCodeTemplates\MemPool.c
      Include file:  CMSIS\RTOS\RTX\INC\cmsis_os.h
      Source file:   CMSIS\RTOS\RTX\UserCodeTemplates\MsgQueue.c
      Source file:   CMSIS\RTOS\RTX\UserCodeTemplates\Mutex.c
      Source file:   CMSIS\RTOS\RTX\UserCodeTemplates\main.c
      Source file:   CMSIS\RTOS\RTX\UserCodeTemplates\Thread.c
      Library file:  CMSIS\RTOS\RTX\LIB\ARM\RTX_CM3.lib
      Source file:   CMSIS\RTOS\RTX\UserCodeTemplates\Timer.c
      Source file:   CMSIS\RTOS\RTX\UserCodeTemplates\Semaphore.c
      Source file:   CMSIS\RTOS\RTX\SRC\ARM\SVC_Table.s

   * Component: ARM::CMSIS:CORE:5.1.1

   * Component: ::CMSIS:RTOS:1.0.0 (API)
Build Time Elapsed:  00:00:02
</pre>
</body>
</html>
